Fixing SOLR CashAdvance - > DB inconsistences started for companyID = 64108
java.lang.IllegalArgumentException: Parameter value [88,89,90,91,92,93,94,95,96,97,98,99,100,101,102,103,104,105,106,107,108] did not match expected type [java.lang.Integer (n/a)]
        at org.hibernate.query.spi.QueryParameterBindingValidator.validate(QueryParameterBindingValidator.java:54)
        at org.hibernate.query.spi.QueryParameterBindingValidator.validate(QueryParameterBindingValidator.java:27)
        at org.hibernate.query.internal.QueryParameterBindingImpl.validate(QueryParameterBindingImpl.java:90)
        at org.hibernate.query.internal.QueryParameterBindingImpl.setBindValue(QueryParameterBindingImpl.java:55)
        at org.hibernate.query.internal.AbstractProducedQuery.setParameter(AbstractProducedQuery.java:501)
        at org.hibernate.query.internal.AbstractProducedQuery.setParameter(AbstractProducedQuery.java:122)
        at com.edatasite.workforce.gwt.core.server.db.impl.BaseManager.findByNamedParams(BaseManager.java:501)
        at com.edatasite.workforce.gwt.core.server.db.impl.payroll.CashAdvanceManagerImpl.getCashAdvanceByIds(CashAdvanceManagerImpl.java:88)
        at jdk.internal.reflect.GeneratedMethodAccessor1171.invoke(Unknown Source)
        at java.base/jdk.internal.reflect.DelegatingMethodAccessorImpl.invoke(DelegatingMethodAccessorImpl.java:43)
        at java.base/java.lang.reflect.Method.invoke(Method.java:568)
        at org.springframework.aop.support.AopUtils.invokeJoinpointUsingReflection(AopUtils.java:344)
        at org.springframework.aop.framework.ReflectiveMethodInvocation.invokeJoinpoint(ReflectiveMethodInvocation.java:198)
        at org.springframework.aop.framework.ReflectiveMethodInvocation.proceed(ReflectiveMethodInvocation.java:163)
        at org.springframework.aop.aspectj.MethodInvocationProceedingJoinPoint.proceed(MethodInvocationProceedingJoinPoint.java:89)
        at com.edatasite.workforce.aspects.MethodExecutionTimeAspect.process(MethodExecutionTimeAspect.java:30)
        at com.edatasite.workforce.aspects.MethodExecutionTimeAspect.logExecutionTime(MethodExecutionTimeAspect.java:19)
        at jdk.internal.reflect.GeneratedMethodAccessor211.invoke(Unknown Source)
        at java.base/jdk.internal.reflect.DelegatingMethodAccessorImpl.invoke(DelegatingMethodAccessorImpl.java:43)
        at java.base/java.lang.reflect.Method.invoke(Method.java:568)
        at org.springframework.aop.aspectj.AbstractAspectJAdvice.invokeAdviceMethodWithGivenArgs(AbstractAspectJAdvice.java:634)
        at org.springframework.aop.aspectj.AbstractAspectJAdvice.invokeAdviceMethod(AbstractAspectJAdvice.java:624)
        at org.springframework.aop.aspectj.AspectJAroundAdvice.invoke(AspectJAroundAdvice.java:72)
        at org.springframework.aop.framework.ReflectiveMethodInvocation.proceed(ReflectiveMethodInvocation.java:186)
        at org.springframework.aop.interceptor.ExposeInvocationInterceptor.invoke(ExposeInvocationInterceptor.java:97)
        at org.springframework.aop.framework.ReflectiveMethodInvocation.proceed(ReflectiveMethodInvocation.java:186)
        at org.springframework.aop.framework.JdkDynamicAopProxy.invoke(JdkDynamicAopProxy.java:220)
        at jdk.proxy3/jdk.proxy3.$Proxy580.getCashAdvanceByIds(Unknown Source)
        at com.edatasite.workforce.gwt.backend.server.app.BackendServiceImpl.fixCashAdvancesInconsistenciesInDb(BackendServiceImpl.java:12175)
        at com.edatasite.workforce.gwt.backend.server.app.BackendServiceImpl.fixCashAdvanceInconsistenciesInDb(BackendServiceImpl.java:7901)
        at com.edatasite.workforce.gwt.backend.server.app.BackendServiceImpl.fixCashAdvanceInconsistency(BackendServiceImpl.java:7378)
        at java.base/jdk.internal.reflect.NativeMethodAccessorImpl.invoke0(Native Method)
        at java.base/jdk.internal.reflect.NativeMethodAccessorImpl.invoke(NativeMethodAccessorImpl.java:77)
        at java.base/jdk.internal.reflect.DelegatingMethodAccessorImpl.invoke(DelegatingMethodAccessorImpl.java:43)
        at java.base/java.lang.reflect.Method.invoke(Method.java:568)
        at org.springframework.aop.support.AopUtils.invokeJoinpointUsingReflection(AopUtils.java:344)
        at org.springframework.aop.framework.ReflectiveMethodInvocation.invokeJoinpoint(ReflectiveMethodInvocation.java:198)
        at org.springframework.aop.framework.ReflectiveMethodInvocation.proceed(ReflectiveMethodInvocation.java:163)
        at org.springframework.aop.aspectj.MethodInvocationProceedingJoinPoint.proceed(MethodInvocationProceedingJoinPoint.java:89)
        at com.edatasite.workforce.aspects.MethodExecutionTimeAspect.process(MethodExecutionTimeAspect.java:30)
        at com.edatasite.workforce.aspects.MethodExecutionTimeAspect.logExecutionTime(MethodExecutionTimeAspect.java:19)
        at jdk.internal.reflect.GeneratedMethodAccessor211.invoke(Unknown Source)
        at java.base/jdk.internal.reflect.DelegatingMethodAccessorImpl.invoke(DelegatingMethodAccessorImpl.java:43)
        at java.base/java.lang.reflect.Method.invoke(Method.java:568)
        at org.springframework.aop.aspectj.AbstractAspectJAdvice.invokeAdviceMethodWithGivenArgs(AbstractAspectJAdvice.java:634)
        at org.springframework.aop.aspectj.AbstractAspectJAdvice.invokeAdviceMethod(AbstractAspectJAdvice.java:624)
        at org.springframework.aop.aspectj.AspectJAroundAdvice.invoke(AspectJAroundAdvice.java:72)
        at org.springframework.aop.framework.ReflectiveMethodInvocation.proceed(ReflectiveMethodInvocation.java:186)
        at org.springframework.transaction.interceptor.TransactionInterceptor$1.proceedWithInvocation(TransactionInterceptor.java:123)
        at org.springframework.transaction.interceptor.TransactionAspectSupport.invokeWithinTransaction(TransactionAspectSupport.java:388)
        at org.springframework.transaction.interceptor.TransactionInterceptor.invoke(TransactionInterceptor.java:119)
        at org.springframework.aop.framework.ReflectiveMethodInvocation.proceed(ReflectiveMethodInvocation.java:186)
        at org.springframework.aop.interceptor.ExposeInvocationInterceptor.invoke(ExposeInvocationInterceptor.java:97)
        at org.springframework.aop.framework.ReflectiveMethodInvocation.proceed(ReflectiveMethodInvocation.java:186)
        at org.springframework.aop.framework.JdkDynamicAopProxy.invoke(JdkDynamicAopProxy.java:220)
        at jdk.proxy3/jdk.proxy3.$Proxy687.fixCashAdvanceInconsistency(Unknown Source)
        at java.base/jdk.internal.reflect.NativeMethodAccessorImpl.invoke0(Native Method)
        at java.base/jdk.internal.reflect.NativeMethodAccessorImpl.invoke(NativeMethodAccessorImpl.java:77)
        at java.base/jdk.internal.reflect.DelegatingMethodAccessorImpl.invoke(DelegatingMethodAccessorImpl.java:43)
        at java.base/java.lang.reflect.Method.invoke(Method.java:568)
        at org.gwtwidgets.server.spring.GWTRPCServiceExporter.invokeMethodOnService(GWTRPCServiceExporter.java:241)
        at com.edatasite.workforce.gwt.core.server.servlets.WfmGWTRPCServiceExporter.processCall(WfmGWTRPCServiceExporter.java:104)
        at com.google.gwt.user.server.rpc.RemoteServiceServlet.processPost(RemoteServiceServlet.java:373)
        at com.google.gwt.user.server.rpc.AbstractRemoteServiceServlet.doPost(AbstractRemoteServiceServlet.java:62)
        at javax.servlet.http.HttpServlet.service(HttpServlet.java:555)
        at javax.servlet.http.HttpServlet.service(HttpServlet.java:623)
        at org.springframework.web.servlet.handler.SimpleServletHandlerAdapter.handle(SimpleServletHandlerAdapter.java:67)
        at org.springframework.web.servlet.DispatcherServlet.doDispatch(DispatcherServlet.java:1072)
        at org.springframework.web.servlet.DispatcherServlet.doService(DispatcherServlet.java:965)
        at org.springframework.web.servlet.FrameworkServlet.processRequest(FrameworkServlet.java:1006)
        at org.springframework.web.servlet.FrameworkServlet.doPost(FrameworkServlet.java:909)
        at javax.servlet.http.HttpServlet.service(HttpServlet.java:555)
        at org.springframework.web.servlet.FrameworkServlet.service(FrameworkServlet.java:883)
        at javax.servlet.http.HttpServlet.service(HttpServlet.java:623)
        at org.apache.catalina.core.ApplicationFilterChain.internalDoFilter(ApplicationFilterChain.java:210)
        at org.apache.catalina.core.ApplicationFilterChain.doFilter(ApplicationFilterChain.java:154)
        at org.apache.tomcat.websocket.server.WsFilter.doFilter(WsFilter.java:51)
        at org.apache.catalina.core.ApplicationFilterChain.internalDoFilter(ApplicationFilterChain.java:179)
        at org.apache.catalina.core.ApplicationFilterChain.doFilter(ApplicationFilterChain.java:154)
        at com.edatasite.workforce.gwt.core.server.filters.SessionFilter.doFilter(SessionFilter.java:137)
        at org.apache.catalina.core.ApplicationFilterChain.internalDoFilter(ApplicationFilterChain.java:179)
        at org.apache.catalina.core.ApplicationFilterChain.doFilter(ApplicationFilterChain.java:154)
        at com.edatasite.workforce.gwt.core.server.filters.SessionAuditFilter.doFilter(SessionAuditFilter.java:48)
        at org.apache.catalina.core.ApplicationFilterChain.internalDoFilter(ApplicationFilterChain.java:179)
        at org.apache.catalina.core.ApplicationFilterChain.doFilter(ApplicationFilterChain.java:154)
        at com.edatasite.workforce.gwt.core.server.filters.LocaleFilter.doFilterInternal(LocaleFilter.java:55)
        at org.springframework.web.filter.OncePerRequestFilter.doFilter(OncePerRequestFilter.java:117)
        at org.apache.catalina.core.ApplicationFilterChain.internalDoFilter(ApplicationFilterChain.java:179)
        at org.apache.catalina.core.ApplicationFilterChain.doFilter(ApplicationFilterChain.java:154)
        at org.springframework.web.filter.CharacterEncodingFilter.doFilterInternal(CharacterEncodingFilter.java:201)